
        Memory Bandwidth (GB/s)
┌───────────────┬─────────┬───────────┐
│ # Threads = 1 │ :serial │ :parallel │
├───────────────┼─────────┼───────────┤
│        :cores │   17.78 │     17.81 │
│      :sockets │   17.77 │     17.85 │
│         :numa │   17.76 │     17.84 │
└───────────────┴─────────┴───────────┘

        Memory Bandwidth (GB/s)
┌────────────────┬─────────┬───────────┐
│ # Threads = 20 │ :serial │ :parallel │
├────────────────┼─────────┼───────────┤
│         :cores │   50.46 │     97.79 │
│       :sockets │   79.22 │    183.91 │
│          :numa │   80.58 │    183.84 │
└────────────────┴─────────┴───────────┘

        Memory Bandwidth (GB/s)
┌────────────────┬─────────┬───────────┐
│ # Threads = 40 │ :serial │ :parallel │
├────────────────┼─────────┼───────────┤
│         :cores │   82.19 │    194.68 │
│       :sockets │   80.38 │    193.59 │
│          :numa │   78.39 │    193.67 │
└────────────────┴─────────┴───────────┘
216.603471 seconds (4.79 M allocations: 422.198 GiB, 2.15% gc time, 1.69% compilation time: 54% of which was recompilation)
209.823585 seconds (6.84 M allocations: 633.282 GiB, 3.45% gc time, 1.68% compilation time: 51% of which was recompilation)
426.502442 seconds (11.69 M allocations: 1.031 TiB, 2.79% gc time, 1.70% compilation time: 52% of which was recompilation)
